FF                                                                       [100%]
================================== FAILURES ===================================
_ test_current_guard_stops_next_scenario_without_holding_lock_during_observation _

synthetic_suite = (<karajan.projects.go_reviewer_suite.FixedGoReviewerSuite object at 0x000001A47CF2BE60>, <karajan.adapters.opencode.go...o-channel', 'account_id': 'go-account', 'billing_path': 'subscription_only', 'approved_data_destination': True}}, ...})
monkeypatch = <_pytest.monkeypatch.MonkeyPatch object at 0x000001A47CF2BFB0>

    def test_current_guard_stops_next_scenario_without_holding_lock_during_observation(
        synthetic_suite, monkeypatch
    ):
        suite, journal, start = synthetic_suite
        state = {"held": False, "current": True}
    
        @contextmanager
        def current_guard():
            if not state["current"]:
                raise ValueError("AUTHENTICATION_SOURCE_MISMATCH")
            assert not state["held"]
            state["held"] = True
            try:
                yield
            finally:
                state["held"] = False
    
        def observed(runtime, directory, secret, authorization, *, scenario, **kwargs):
            assert not state["held"]
            assert kwargs["current_guard"] is current_guard
            result = synthetic_observation(suite, authorization, scenario)
            state["current"] = False
            return result
    
        install_observer(monkeypatch, observed)
>       result = suite.observe(start, credential(), current_guard=current_guard)
                 ^^^^^^^^^^^^^^^^^^^^^^^^^^^^^^^^^^^^^^^^^^^^^^^^^^^^^^^^^^^^^^^
E       TypeError: FixedGoReviewerSuite.observe() got an unexpected keyword argument 'current_guard'

tests\projects\test_go_reviewer_suite.py:838: TypeError
_________ test_current_guard_is_required_and_rejects_before_any_grant _________

synthetic_suite = (<karajan.projects.go_reviewer_suite.FixedGoReviewerSuite object at 0x000001A47CFD98E0>, <karajan.adapters.opencode.go...o-channel', 'account_id': 'go-account', 'billing_path': 'subscription_only', 'approved_data_destination': True}}, ...})
monkeypatch = <_pytest.monkeypatch.MonkeyPatch object at 0x000001A47CFD8AA0>

    def test_current_guard_is_required_and_rejects_before_any_grant(synthetic_suite, monkeypatch):
        from karajan.adapters.opencode.go_journal import GoJournalError
    
        suite, journal, start = synthetic_suite
        called = []
        install_observer(monkeypatch, lambda *args, **kwargs: called.append(True))
>       with pytest.raises(TypeError, match="current_guard"):
             ^^^^^^^^^^^^^^^^^^^^^^^^^^^^^^^^^^^^^^^^^^^^^^^
E       Failed: DID NOT RAISE TypeError

tests\projects\test_go_reviewer_suite.py:851: Failed
=========================== short test summary info ===========================
FAILED tests/projects/test_go_reviewer_suite.py::test_current_guard_stops_next_scenario_without_holding_lock_during_observation
FAILED tests/projects/test_go_reviewer_suite.py::test_current_guard_is_required_and_rejects_before_any_grant
2 failed, 62 deselected in 1.14s
