[transformers] PyTorch was not found. Models won't be available and only tokenizers, configuration and file/data utilities can be used.
SYNTHETIC_OBSERVER_SETUP_ERROR TypeError FixedGoReviewerSuite.observe() got an unexpected keyword argument 'current_guard'
F
================================== FAILURES ===================================
_______ test_changed_current_authority_stops_before_next_scenario[none] _______

reviewer_case = {'projects': <karajan.projects.registry.ProjectRegistry object at 0x000001D77A17DCD0>, 'project_id': '3e33dcce-e594-4f...C:/Users/Chooo/AppData/Local/Temp/pytest-of-Chooo/pytest-997/test_changed_current_authority0/fixture/repository'), ...}
artifacts = WindowsPath('C:/Users/Chooo/Playground/Karajan/.cache/go-task-execution/.cache/go-context-artifacts')
tmp_path = WindowsPath('C:/Users/Chooo/AppData/Local/Temp/pytest-of-Chooo/pytest-997/test_changed_current_authority0')
monkeypatch = <_pytest.monkeypatch.MonkeyPatch object at 0x000001D77A25BBF0>
change = 'none'

    @pytest.mark.parametrize("change", ["none", "credential_revoke", "profile_disabled"])
    def test_changed_current_authority_stops_before_next_scenario(
        reviewer_case, artifacts, tmp_path, monkeypatch, change
    ):
        case = reviewer_case
        work = tmp_path / "concrete-suite"
        work.mkdir(mode=0o700)
        suite = FixedGoReviewerSuite(
            tmp_path / "inert-runtime",
            work,
            case["suite"].journal,
            accounting=GoRequestAccounting(artifacts),
            clock=lambda: case["clock"][0],
        )
        source = deepcopy(case["reviewer_suite"].source())
        monkeypatch.setattr(suite, "source", lambda: deepcopy(source))
        original_observe = suite.observe
        def checked_observe(*args, **kwargs):
            try:
                return original_observe(*args, **kwargs)
            except Exception as error:
                print("SYNTHETIC_OBSERVER_SETUP_ERROR", type(error).__name__, str(error))
                raise
        monkeypatch.setattr(suite, "observe", checked_observe)
        # Result checking is outside this specific authority scheduling boundary.
        monkeypatch.setattr(suite, "_validate_report", lambda *args: [])
        case["store"] = ProfileQualificationStore(
            case["projects"],
            clock=lambda: case["clock"][0],
            credentials=case["credentials"],
            go_suite=case["suite"],
            reviewer_suite=suite,
        )
        entered = []
    
        def observer(runtime, directory, secret, authorization, *, scenario, **kwargs):
            entered.append(scenario)
            if len(entered) == 1 and change == "credential_revoke":
                case["credentials"].revoke(
                    case["project_id"],
                    "secret:go",
                    authorization.binding["auth_generation"],
                    principal="owner",
                    command_key="independent-revoke",
                )
            elif len(entered) == 1 and change == "profile_disabled":
                projects = case["projects"]
                config = projects.get_configuration(case["project_id"])["configuration"]
                reviewer = next(
                    row for row in config["resources"]["profiles"] if row["id"] == "readonly-reviewer"
                )
                reviewer["enabled"] = False
                preview = projects.preview_configuration(
                    case["project_id"], config, command_key="disable-preview", principal="owner"
                )
                projects.apply_configuration(
                    case["project_id"],
                    preview["preview_id"],
                    expected_revision=projects.get(case["project_id"])["revision"],
                    command_key="disable-apply",
                    principal="owner",
                )
            return {"session": {"id": "synthetic-" + scenario}, "test_double": True}
    
        monkeypatch.setattr(
            "karajan.isolation.go_reviewer_probe.observe_go_reviewer_tools", observer
        )
        result = qualify(case)
>       assert result["status"] == ("passed" if change == "none" else "failed"), result
E       AssertionError: {'schema_version': 'karajan.profile-qualification.v1', 'id': 'd4e2a6e0-fe22-4378-934c-fd98dd7865ec', 'project_id': '3e33dcce-e594-4f9b-b91e-1a85cd694fa1', 'principal': 'owner', ...}
E       assert 'failed' == 'passed'
E         
E         - passed
E         + failed

.cache\reviewer-root-independent\test_current_authority.py:117: AssertionError
=========================== short test summary info ===========================
FAILED .cache/reviewer-root-independent/test_current_authority.py::test_changed_current_authority_stops_before_next_scenario[none]
1 failed, 2 deselected in 1.97s
