tests\adapters\opencode\test_go_relay.py:304: error: Returning Any from function declared to return "bytes"  [no-any-return]
tests\adapters\opencode\test_go_relay.py:393: error: Returning Any from function declared to return "bytes"  [no-any-return]
tests\adapters\opencode\test_go_relay.py:623: error: Dict entry 0 has incompatible type "str": "str"; expected "str": "list[dict[str, object]]"  [dict-item]
tests\adapters\opencode\test_go_relay_context.py:17: error: Function is missing a type annotation  [no-untyped-def]
tests\adapters\opencode\test_go_relay_context.py:25: error: Function is missing a type annotation  [no-untyped-def]
tests\adapters\opencode\test_go_relay_context.py:31: error: Function is missing a type annotation  [no-untyped-def]
tests\adapters\opencode\test_go_relay_context.py:33: error: Call to untyped function "metered_answer" in typed context  [no-untyped-call]
tests\adapters\opencode\test_go_relay_context.py:54: error: Function is missing a type annotation  [no-untyped-def]
tests\adapters\opencode\test_go_relay_context.py:72: error: Function is missing a type annotation  [no-untyped-def]
tests\adapters\opencode\test_go_relay_context.py:82: error: Call to untyped function "metered_answer" in typed context  [no-untyped-call]
tests\adapters\opencode\test_go_relay_context.py:106: error: Function is missing a type annotation  [no-untyped-def]
tests\adapters\opencode\test_go_relay_context.py:134: error: Function is missing a type annotation  [no-untyped-def]
tests\adapters\opencode\test_go_relay_context.py:136: error: Call to untyped function "metered_answer" in typed context  [no-untyped-call]
tests\adapters\opencode\test_go_relay_context.py:164: error: Function is missing a type annotation  [no-untyped-def]
tests\adapters\opencode\test_go_relay_context.py:212: error: Function is missing a type annotation  [no-untyped-def]
tests\adapters\opencode\test_go_relay_context.py:218: error: Function is missing a type annotation  [no-untyped-def]
tests\adapters\opencode\test_go_relay_context.py:224: error: Call to untyped function "metered_answer" in typed context  [no-untyped-call]
tests\adapters\opencode\test_go_relay_context.py:267: error: Function is missing a type annotation for one or more parameters  [no-untyped-def]
tests\adapters\opencode\test_go_relay_context.py:275: error: Function is missing a type annotation  [no-untyped-def]
tests\adapters\opencode\test_go_relay_context.py:277: error: Call to untyped function "metered_answer" in typed context  [no-untyped-call]
Found 20 errors in 2 files (checked 3 source files)
